Finding: **/*.md **/*.markdown
Linting: 3 file(s)
Summary: 0 error(s)
