viewme.md:5 MD012/no-multiple-blanks Multiple consecutive blank lines [Expected: 1; Actual: 2]
viewme.md:6 MD025/single-title/single-h1 Multiple top level headings in the same document [Context: "# Description"]
viewme.md:14:14 MD047/single-trailing-newline Files should end with a single newline character
