markdownlint-cli2 vX.Y.Z (markdownlint vX.Y.Z)
Finding: viewme.md
Linting: 1 file(s)
Summary: 3 error(s)
