markdownlint-cli2 vX.Y.Z (markdownlint vX.Y.Z)
Finding: **/*.md
Linting: 5 file(s)
Summary: 31 error(s)
