markdownlint-cli2 vX.Y.Z (markdownlint vX.Y.Z)
Finding: **/*.md
Linting: 1 file(s)
Summary: 6 error(s)
