dir/about.md:1 first-line Rule that reports an error for the first line
dir/about.md:1:1 MD021/no-multiple-space-closed-atx Multiple spaces inside hashes on closed atx style heading [Context: "#  About  #"]
dir/about.md:3 every-n-lines Rule that reports an error every N lines [Line number 3]
dir/about.md:4 MD032/blanks-around-lists Lists should be surrounded by blank lines [Context: "1. List"]
dir/about.md:5:1 MD029/ol-prefix Ordered list item prefix [Expected: 2; Actual: 3; Style: 1/2/3]
dir/about.md:6 every-n-lines Rule that reports an error every N lines [Line number 6]
dir/subdir/hr.md:1 first-line Rule that reports an error for the first line
dir/subdir/hr.md:1:1 titlecase-rule Titlecase rule [Title Case: 'Expected # Hr, found # hr']
dir/subdir/hr.md:3 sample-rule Sample rule [Sample error for hr]
dir/subdir/info.md:1 first-line Rule that reports an error for the first line
dir/subdir/info.md:1 MD022/blanks-around-headings/blanks-around-headers Headings should be surrounded by blank lines [Expected: 1; Actual: 0; Below] [Context: "## Information"]
dir/subdir/info.md:1 MD041/first-line-heading/first-line-h1 First line in a file should be a top-level heading [Context: "## Information"]
dir/subdir/info.md:2:6 MD038/no-space-in-code Spaces inside code span elements [Context: "` code1`"]
dir/subdir/info.md:2:20 MD038/no-space-in-code Spaces inside code span elements [Context: "`code2 `"]
dir/subdir/info.md:4 MD012/no-multiple-blanks Multiple consecutive blank lines [Expected: 1; Actual: 2]
dir/subdir2/info.md:1 MD022/blanks-around-headings/blanks-around-headers Headings should be surrounded by blank lines [Expected: 1; Actual: 0; Below] [Context: "## Information"]
dir/subdir2/info.md:1 MD041/first-line-heading/first-line-h1 First line in a file should be a top-level heading [Context: "## Information"]
dir/subdir2/info.md:2:6 MD038/no-space-in-code Spaces inside code span elements [Context: "` code1`"]
dir/subdir2/info.md:2:20 MD038/no-space-in-code Spaces inside code span elements [Context: "`code2 `"]
dir/subdir2/info.md:4 MD012/no-multiple-blanks Multiple consecutive blank lines [Expected: 1; Actual: 2]
dir/subdir3/info.md:1 first-line Rule that reports an error for the first line
dir/subdir3/info.md:1 MD022/blanks-around-headings/blanks-around-headers Headings should be surrounded by blank lines [Expected: 1; Actual: 0; Below] [Context: "## Information"]
dir/subdir3/info.md:1 MD041/first-line-heading/first-line-h1 First line in a file should be a top-level heading [Context: "## Information"]
dir/subdir3/info.md:2:6 MD038/no-space-in-code Spaces inside code span elements [Context: "` code1`"]
dir/subdir3/info.md:2:20 MD038/no-space-in-code Spaces inside code span elements [Context: "`code2 `"]
dir/subdir3/info.md:3 every-n-lines Rule that reports an error every N lines [Line number 3]
dir/subdir3/info.md:4 MD012/no-multiple-blanks Multiple consecutive blank lines [Expected: 1; Actual: 2]
viewme.md:1 first-line Rule that reports an error for the first line
viewme.md:3 any-blockquote Rule that reports an error for any blockquote [Blockquote spans 1 line(s).] [Context: "> Tagli"]
viewme.md:3 every-n-lines Rule that reports an error every N lines [Line number 3]
viewme.md:3:10 MD009/no-trailing-spaces Trailing spaces [Expected: 0 or 2; Actual: 1]
viewme.md:5 MD012/no-multiple-blanks Multiple consecutive blank lines [Expected: 1; Actual: 2]
viewme.md:6 every-n-lines Rule that reports an error every N lines [Line number 6]
viewme.md:6 MD025/single-title/single-h1 Multiple top-level headings in the same document [Context: "# Description"]
viewme.md:9 every-n-lines Rule that reports an error every N lines [Line number 9]
viewme.md:12 every-n-lines Rule that reports an error every N lines [Line number 12]
viewme.md:12:1 MD019/no-multiple-space-atx Multiple spaces after hash on atx style heading [Context: "##  Summary"]
viewme.md:14:14 MD047/single-trailing-newline Files should end with a single newline character
