markdownlint-cli2 vX.Y.Z (markdownlint vX.Y.Z)
Finding: **/*.md
Linting: 6 file(s)
Summary: 23 error(s)
