markdownlint-cli2 vX.Y.Z (markdownlint vX.Y.Z)
Finding: viewme.md ./dir/subdir/info.md
Linting: 2 file(s)
Summary: 10 error(s)
