dir/info.md:1 MD041/first-line-heading/first-line-h1 First line in a file should be a top-level heading [Context: "## Information"]
dir/subdir/info.md:1 MD041/first-line-heading/first-line-h1 First line in a file should be a top-level heading [Context: "## Information"]
dir2/info.md:1 MD022/blanks-around-headings/blanks-around-headers Headings should be surrounded by blank lines [Expected: 1; Actual: 0; Below] [Context: "## Information"]
dir2/info.md:1 MD041/first-line-heading/first-line-h1 First line in a file should be a top-level heading [Context: "## Information"]
dir2/info.md:2:6 MD038/no-space-in-code Spaces inside code span elements [Context: "` code1`"]
dir2/info.md:2:20 MD038/no-space-in-code Spaces inside code span elements [Context: "`code2 `"]
dir2/info.md:4 MD012/no-multiple-blanks Multiple consecutive blank lines [Expected: 1; Actual: 2]
dir2/subdir/info.md:1 MD022/blanks-around-headings/blanks-around-headers Headings should be surrounded by blank lines [Expected: 1; Actual: 0; Below] [Context: "## Information"]
dir2/subdir/info.md:1 MD041/first-line-heading/first-line-h1 First line in a file should be a top-level heading [Context: "## Information"]
dir2/subdir/info.md:2:6 MD038/no-space-in-code Spaces inside code span elements [Context: "` code1`"]
dir2/subdir/info.md:2:20 MD038/no-space-in-code Spaces inside code span elements [Context: "`code2 `"]
dir2/subdir/info.md:4 MD012/no-multiple-blanks Multiple consecutive blank lines [Expected: 1; Actual: 2]
dir3/info.md:1 MD022/blanks-around-headings/blanks-around-headers Headings should be surrounded by blank lines [Expected: 1; Actual: 0; Below] [Context: "## Information"]
dir3/info.md:1 MD041/first-line-heading/first-line-h1 First line in a file should be a top-level heading [Context: "## Information"]
dir3/info.md:2:6 MD038/no-space-in-code Spaces inside code span elements [Context: "` code1`"]
dir3/info.md:2:20 MD038/no-space-in-code Spaces inside code span elements [Context: "`code2 `"]
dir3/info.md:4 MD012/no-multiple-blanks Multiple consecutive blank lines [Expected: 1; Actual: 2]
dir3/subdir/info.md:1 MD041/first-line-heading/first-line-h1 First line in a file should be a top-level heading [Context: "## Information"]
viewme.md:5 MD025/single-title/single-h1 Multiple top-level headings in the same document [Context: "# Description"]
