dir/about.md:6:1 MD029/ol-prefix Ordered list item prefix [Expected: 2; Actual: 3; Style: 1/2/3]
dir/subdir/info.md:1 MD041/first-line-heading/first-line-h1 First line in a file should be a top-level heading [Context: "## Information"]
dir/subdir2/info.md:1 MD022/blanks-around-headings/blanks-around-headers Headings should be surrounded by blank lines [Expected: 1; Actual: 0; Below] [Context: "## Information"]
dir/subdir2/info.md:1 MD041/first-line-heading/first-line-h1 First line in a file should be a top-level heading [Context: "## Information"]
dir/subdir2/info.md:2:6 MD038/no-space-in-code Spaces inside code span elements [Context: "` code1`"]
dir/subdir2/info.md:2:20 MD038/no-space-in-code Spaces inside code span elements [Context: "`code2 `"]
dir/subdir2/info.md:4 MD012/no-multiple-blanks Multiple consecutive blank lines [Expected: 1; Actual: 2]
viewme.md:5 MD025/single-title/single-h1 Multiple top-level headings in the same document [Context: "# Description"]
