Finding: **/*.md
Linting: 4 file(s)
Summary: 8 error(s)
