Finding: **/*.md
Linting: 3 file(s)
Summary: 13 error(s)
Count File
    3 dir/about.md
    5 dir/subdir/info.md
    5 viewme.md
   13 [Total]
Count Rule
    1 MD009/no-trailing-spaces
    2 MD012/no-multiple-blanks
    1 MD019/no-multiple-space-atx
    1 MD021/no-multiple-space-closed-atx
    1 MD022/blanks-around-headings/blanks-around-headers
    1 MD025/single-title/single-h1
    1 MD029/ol-prefix
    1 MD032/blanks-around-lists
    2 MD038/no-space-in-code
    1 MD041/first-line-heading/first-line-h1
    1 MD047/single-trailing-newline
   13 [Total]
dir/about.md
  Count Rule
      1 MD021/no-multiple-space-closed-atx
      1 MD029/ol-prefix
      1 MD032/blanks-around-lists
      3 [Total]
dir/subdir/info.md
  Count Rule
      1 MD012/no-multiple-blanks
      1 MD022/blanks-around-headings/blanks-around-headers
      2 MD038/no-space-in-code
      1 MD041/first-line-heading/first-line-h1
      5 [Total]
viewme.md
  Count Rule
      1 MD009/no-trailing-spaces
      1 MD012/no-multiple-blanks
      1 MD019/no-multiple-space-atx
      1 MD025/single-title/single-h1
      1 MD047/single-trailing-newline
      5 [Total]
