[35mdir/about.md[39m[36m:[39m[32m1[39m[36m:[39m[32m1[39m [90mMD021/no-multiple-space-closed-atx[39m Multiple spaces inside hashes on closed atx style heading[90m [Context: "#  About  #"][39m[94m https://github.com/DavidAnson/markdownlint/blob/vX.Y.Z/doc/Rules.md#md021[39m
[35mdir/about.md[39m[36m:[39m[32m4[39m [90mMD032/blanks-around-lists[39m Lists should be surrounded by blank lines[90m [Context: "1. List"][39m[94m https://github.com/DavidAnson/markdownlint/blob/vX.Y.Z/doc/Rules.md#md032[39m
[35mdir/about.md[39m[36m:[39m[32m5[39m[36m:[39m[32m1[39m [90mMD029/ol-prefix[39m Ordered list item prefix[90m [Expected: 2; Actual: 3; Style: 1/2/3][39m[94m https://github.com/DavidAnson/markdownlint/blob/vX.Y.Z/doc/Rules.md#md029[39m
[35mdir/subdir/info.md[39m[36m:[39m[32m1[39m [90mMD022/blanks-around-headings/blanks-around-headers[39m Headings should be surrounded by blank lines[90m [Expected: 1; Actual: 0; Below] [Context: "## Information"][39m[94m https://github.com/DavidAnson/markdownlint/blob/vX.Y.Z/doc/Rules.md#md022[39m
[35mdir/subdir/info.md[39m[36m:[39m[32m1[39m [90mMD041/first-line-heading/first-line-h1[39m First line in file should be a top level heading[90m [Context: "## Information"][39m[94m https://github.com/DavidAnson/markdownlint/blob/vX.Y.Z/doc/Rules.md#md041[39m
[35mdir/subdir/info.md[39m[36m:[39m[32m2[39m[36m:[39m[32m6[39m [90mMD038/no-space-in-code[39m Spaces inside code span elements[90m [Context: "` code1`"][39m[94m https://github.com/DavidAnson/markdownlint/blob/vX.Y.Z/doc/Rules.md#md038[39m
[35mdir/subdir/info.md[39m[36m:[39m[32m2[39m[36m:[39m[32m20[39m [90mMD038/no-space-in-code[39m Spaces inside code span elements[90m [Context: "`code2 `"][39m[94m https://github.com/DavidAnson/markdownlint/blob/vX.Y.Z/doc/Rules.md#md038[39m
[35mdir/subdir/info.md[39m[36m:[39m[32m4[39m [90mMD012/no-multiple-blanks[39m Multiple consecutive blank lines[90m [Expected: 1; Actual: 2][39m[94m https://github.com/DavidAnson/markdownlint/blob/vX.Y.Z/doc/Rules.md#md012[39m
[35mviewme.md[39m[36m:[39m[32m1[39m[36m:[39m[32m1[39m [90mtitlecase-rule[39m Titlecase rule[90m [Title Case: 'Expected # Title, found # title'][39m
[35mviewme.md[39m[36m:[39m[32m3[39m[36m:[39m[32m10[39m [90mMD009/no-trailing-spaces[39m Trailing spaces[90m [Expected: 0 or 2; Actual: 1][39m[94m https://github.com/DavidAnson/markdownlint/blob/vX.Y.Z/doc/Rules.md#md009[39m
[35mviewme.md[39m[36m:[39m[32m5[39m [90mMD012/no-multiple-blanks[39m Multiple consecutive blank lines[90m [Expected: 1; Actual: 2][39m[94m https://github.com/DavidAnson/markdownlint/blob/vX.Y.Z/doc/Rules.md#md012[39m
[35mviewme.md[39m[36m:[39m[32m6[39m [90mMD025/single-title/single-h1[39m Multiple top level headings in the same document[90m [Context: "# Description"][39m[94m https://github.com/DavidAnson/markdownlint/blob/vX.Y.Z/doc/Rules.md#md025[39m
[35mviewme.md[39m[36m:[39m[32m12[39m[36m:[39m[32m1[39m [90mMD019/no-multiple-space-atx[39m Multiple spaces after hash on atx style heading[90m [Context: "##  Summary"][39m[94m https://github.com/DavidAnson/markdownlint/blob/vX.Y.Z/doc/Rules.md#md019[39m
[35mviewme.md[39m[36m:[39m[32m14[39m[36m:[39m[32m14[39m [90mMD047/single-trailing-newline[39m Files should end with a single newline character[94m https://github.com/DavidAnson/markdownlint/blob/vX.Y.Z/doc/Rules.md#md047[39m
