[35mdir/about.md[39m[36m:[39m[32m1[39m[36m:[39m[32m1[39m [90m]8;;https://github.com/DavidAnson/markdownlint/blob/vX.Y.Z/doc/Rules.md#md021MD021/no-multiple-space-closed-atx]8;;[39m Multiple spaces inside hashes on closed atx style heading[90m [Context: "#  About  #"][39m
[35mdir/about.md[39m[36m:[39m[32m4[39m [90m]8;;https://github.com/DavidAnson/markdownlint/blob/vX.Y.Z/doc/Rules.md#md032MD032/blanks-around-lists]8;;[39m Lists should be surrounded by blank lines[90m [Context: "1. List"][39m
[35mdir/about.md[39m[36m:[39m[32m5[39m[36m:[39m[32m1[39m [90m]8;;https://github.com/DavidAnson/markdownlint/blob/vX.Y.Z/doc/Rules.md#md029MD029/ol-prefix]8;;[39m Ordered list item prefix[90m [Expected: 2; Actual: 3; Style: 1/2/3][39m
[35mdir/subdir/info.md[39m[36m:[39m[32m1[39m [90m]8;;https://github.com/DavidAnson/markdownlint/blob/vX.Y.Z/doc/Rules.md#md022MD022/blanks-around-headings/blanks-around-headers]8;;[39m Headings should be surrounded by blank lines[90m [Expected: 1; Actual: 0; Below] [Context: "## Information"][39m
[35mdir/subdir/info.md[39m[36m:[39m[32m1[39m [90m]8;;https://github.com/DavidAnson/markdownlint/blob/vX.Y.Z/doc/Rules.md#md041MD041/first-line-heading/first-line-h1]8;;[39m First line in a file should be a top-level heading[90m [Context: "## Information"][39m
[35mdir/subdir/info.md[39m[36m:[39m[32m2[39m[36m:[39m[32m6[39m [90m]8;;https://github.com/DavidAnson/markdownlint/blob/vX.Y.Z/doc/Rules.md#md038MD038/no-space-in-code]8;;[39m Spaces inside code span elements[90m [Context: "` code1`"][39m
[35mdir/subdir/info.md[39m[36m:[39m[32m2[39m[36m:[39m[32m20[39m [90m]8;;https://github.com/DavidAnson/markdownlint/blob/vX.Y.Z/doc/Rules.md#md038MD038/no-space-in-code]8;;[39m Spaces inside code span elements[90m [Context: "`code2 `"][39m
[35mdir/subdir/info.md[39m[36m:[39m[32m4[39m [90m]8;;https://github.com/DavidAnson/markdownlint/blob/vX.Y.Z/doc/Rules.md#md012MD012/no-multiple-blanks]8;;[39m Multiple consecutive blank lines[90m [Expected: 1; Actual: 2][39m
[35mviewme.md[39m[36m:[39m[32m3[39m[36m:[39m[32m10[39m [90m]8;;https://github.com/DavidAnson/markdownlint/blob/vX.Y.Z/doc/Rules.md#md009MD009/no-trailing-spaces]8;;[39m Trailing spaces[90m [Expected: 0 or 2; Actual: 1][39m
[35mviewme.md[39m[36m:[39m[32m5[39m [90m]8;;https://github.com/DavidAnson/markdownlint/blob/vX.Y.Z/doc/Rules.md#md012MD012/no-multiple-blanks]8;;[39m Multiple consecutive blank lines[90m [Expected: 1; Actual: 2][39m
[35mviewme.md[39m[36m:[39m[32m6[39m [90m]8;;https://github.com/DavidAnson/markdownlint/blob/vX.Y.Z/doc/Rules.md#md025MD025/single-title/single-h1]8;;[39m Multiple top-level headings in the same document[90m [Context: "# Description"][39m
[35mviewme.md[39m[36m:[39m[32m12[39m[36m:[39m[32m1[39m [90m]8;;https://github.com/DavidAnson/markdownlint/blob/vX.Y.Z/doc/Rules.md#md019MD019/no-multiple-space-atx]8;;[39m Multiple spaces after hash on atx style heading[90m [Context: "##  Summary"][39m
[35mviewme.md[39m[36m:[39m[32m14[39m[36m:[39m[32m14[39m [90m]8;;https://github.com/DavidAnson/markdownlint/blob/vX.Y.Z/doc/Rules.md#md047MD047/single-trailing-newline]8;;[39m Files should end with a single newline character
