markdownlint-cli2 vX.Y.Z (markdownlint vX.Y.Z)
Finding: **/*.md **/*.markdown !dir/about.md
Linting: 2 file(s)
Summary: 10 error(s)
