markdownlint-cli2 vX.Y.Z (markdownlint vX.Y.Z)
Finding: **/*.md **/*.markdown !*.md !dir*/*/*.md !dir7 !dir8/subdir
Linting: 13 file(s)
Summary: 21 error(s)
