markdownlint-cli2 vX.Y.Z (markdownlint vX.Y.Z)
Finding: :[PATH]/dir(1)/(view)me.md sentinel/dir
Linting: 2 file(s)
Summary: 10 error(s)
