sentinel/dir(1)/(view)me.md:3:10 MD009/no-trailing-spaces Trailing spaces [Expected: 0 or 2; Actual: 1]
sentinel/dir(1)/(view)me.md:5 MD012/no-multiple-blanks Multiple consecutive blank lines [Expected: 1; Actual: 2]
sentinel/dir(1)/(view)me.md:6 MD025/single-title/single-h1 Multiple top-level headings in the same document [Context: "# Description"]
sentinel/dir(1)/(view)me.md:12:1 MD019/no-multiple-space-atx Multiple spaces after hash on atx style heading [Context: "##  Summary"]
sentinel/dir(1)/(view)me.md:14:14 MD047/single-trailing-newline Files should end with a single newline character
sentinel/dir/view(me).md:3:10 MD009/no-trailing-spaces Trailing spaces [Expected: 0 or 2; Actual: 1]
sentinel/dir/view(me).md:5 MD012/no-multiple-blanks Multiple consecutive blank lines [Expected: 1; Actual: 2]
sentinel/dir/view(me).md:6 MD025/single-title/single-h1 Multiple top-level headings in the same document [Context: "# Description"]
sentinel/dir/view(me).md:12:1 MD019/no-multiple-space-atx Multiple spaces after hash on atx style heading [Context: "##  Summary"]
sentinel/dir/view(me).md:14:14 MD047/single-trailing-newline Files should end with a single newline character
