Finding: **/*.md
Linting: 3 file(s)
Summary: 3 error(s)
