markdownlint-cli2 vX.Y.Z (markdownlint vX.Y.Z)
Finding: **/*.md
Linting: 3 file(s)
Summary: 10 error(s)
