Finding: **/*.md
Linting: 3 file(s)
Summary: 10 error(s)
