Finding: **/*.md
Linting: 1 file(s)
Summary: 4 error(s)
