config-options-disjoint-empty/dir/dir/dir/info.md:1 first-line Rule that reports an error for the first line
config-options-disjoint-empty/dir/dir/dir/info.md:1 MD041/first-line-heading/first-line-h1 First line in a file should be a top-level heading [Context: "## Information"]
config-options-disjoint-empty/dir/dir/dir/info.md:4 MD012/no-multiple-blanks Multiple consecutive blank lines [Expected: 1; Actual: 2]
config-options-disjoint-empty/dir/dir/info.md:1 first-line Rule that reports an error for the first line
config-options-disjoint-empty/dir/dir/info.md:1 MD041/first-line-heading/first-line-h1 First line in a file should be a top-level heading [Context: "## Information"]
config-options-disjoint-empty/dir/dir/info.md:4 MD012/no-multiple-blanks Multiple consecutive blank lines [Expected: 1; Actual: 2]
config-options-disjoint/dir/dir/dir/info.md:1 first-line Rule that reports an error for the first line
config-options-disjoint/dir/dir/dir/info.md:1 MD041/first-line-heading/first-line-h1 First line in a file should be a top-level heading [Context: "## Information"]
config-options-disjoint/dir/dir/dir/info.md:4 MD012/no-multiple-blanks Multiple consecutive blank lines [Expected: 1; Actual: 2]
config-options-disjoint/dir/dir/info.md:1 first-line Rule that reports an error for the first line
config-options-disjoint/dir/dir/info.md:1 MD041/first-line-heading/first-line-h1 First line in a file should be a top-level heading [Context: "## Information"]
config-options-disjoint/dir/dir/info.md:4 MD012/no-multiple-blanks Multiple consecutive blank lines [Expected: 1; Actual: 2]
config-options-disjoint/dir/info.md:1 MD041/first-line-heading/first-line-h1 First line in a file should be a top-level heading [Context: "## Information"]
config-options-disjoint/dir/info.md:4 MD012/no-multiple-blanks Multiple consecutive blank lines [Expected: 1; Actual: 2]
config-options-disjoint/info.md:1 MD041/first-line-heading/first-line-h1 First line in a file should be a top-level heading [Context: "## Information"]
config-options-disjoint/info.md:4 MD012/no-multiple-blanks Multiple consecutive blank lines [Expected: 1; Actual: 2]
config-options-overlap-empty/dir/dir/dir/info.md:1 first-line Rule that reports an error for the first line
config-options-overlap-empty/dir/dir/dir/info.md:1 MD022/blanks-around-headings/blanks-around-headers Headings should be surrounded by blank lines [Expected: 1; Actual: 0; Below] [Context: "## Information"]
config-options-overlap-empty/dir/dir/dir/info.md:1 MD041/first-line-heading/first-line-h1 First line in a file should be a top-level heading [Context: "## Information"]
config-options-overlap-empty/dir/dir/dir/info.md:4 MD012/no-multiple-blanks Multiple consecutive blank lines [Expected: 1; Actual: 2]
config-options-overlap-empty/dir/dir/info.md:1 first-line Rule that reports an error for the first line
config-options-overlap-empty/dir/dir/info.md:1 MD022/blanks-around-headings/blanks-around-headers Headings should be surrounded by blank lines [Expected: 1; Actual: 0; Below] [Context: "## Information"]
config-options-overlap-empty/dir/dir/info.md:1 MD041/first-line-heading/first-line-h1 First line in a file should be a top-level heading [Context: "## Information"]
config-options-overlap-empty/dir/dir/info.md:4 MD012/no-multiple-blanks Multiple consecutive blank lines [Expected: 1; Actual: 2]
config-options-overlap/dir/dir/dir/info.md:1 first-line Rule that reports an error for the first line
config-options-overlap/dir/dir/dir/info.md:1 MD022/blanks-around-headings/blanks-around-headers Headings should be surrounded by blank lines [Expected: 1; Actual: 0; Below] [Context: "## Information"]
config-options-overlap/dir/dir/dir/info.md:1 MD041/first-line-heading/first-line-h1 First line in a file should be a top-level heading [Context: "## Information"]
config-options-overlap/dir/dir/dir/info.md:4 MD012/no-multiple-blanks Multiple consecutive blank lines [Expected: 1; Actual: 2]
config-options-overlap/dir/dir/info.md:1 first-line Rule that reports an error for the first line
config-options-overlap/dir/dir/info.md:1 MD022/blanks-around-headings/blanks-around-headers Headings should be surrounded by blank lines [Expected: 1; Actual: 0; Below] [Context: "## Information"]
config-options-overlap/dir/dir/info.md:1 MD041/first-line-heading/first-line-h1 First line in a file should be a top-level heading [Context: "## Information"]
config-options-overlap/dir/dir/info.md:4 MD012/no-multiple-blanks Multiple consecutive blank lines [Expected: 1; Actual: 2]
config-options-overlap/dir/info.md:1 MD041/first-line-heading/first-line-h1 First line in a file should be a top-level heading [Context: "## Information"]
config-options-overlap/dir/info.md:4 MD012/no-multiple-blanks Multiple consecutive blank lines [Expected: 1; Actual: 2]
config-options-overlap/info.md:1 MD041/first-line-heading/first-line-h1 First line in a file should be a top-level heading [Context: "## Information"]
config-options-overlap/info.md:4 MD012/no-multiple-blanks Multiple consecutive blank lines [Expected: 1; Actual: 2]
options-config-disjoint-empty/dir/dir/dir/info.md:1 first-line Rule that reports an error for the first line
options-config-disjoint-empty/dir/dir/dir/info.md:1 MD041/first-line-heading/first-line-h1 First line in a file should be a top-level heading [Context: "## Information"]
options-config-disjoint-empty/dir/dir/dir/info.md:4 MD012/no-multiple-blanks Multiple consecutive blank lines [Expected: 1; Actual: 2]
options-config-disjoint-empty/dir/dir/info.md:1 first-line Rule that reports an error for the first line
options-config-disjoint-empty/dir/dir/info.md:1 MD041/first-line-heading/first-line-h1 First line in a file should be a top-level heading [Context: "## Information"]
options-config-disjoint-empty/dir/dir/info.md:4 MD012/no-multiple-blanks Multiple consecutive blank lines [Expected: 1; Actual: 2]
options-config-disjoint/dir/dir/dir/info.md:1 first-line Rule that reports an error for the first line
options-config-disjoint/dir/dir/dir/info.md:1 MD041/first-line-heading/first-line-h1 First line in a file should be a top-level heading [Context: "## Information"]
options-config-disjoint/dir/dir/dir/info.md:4 MD012/no-multiple-blanks Multiple consecutive blank lines [Expected: 1; Actual: 2]
options-config-disjoint/dir/dir/info.md:1 first-line Rule that reports an error for the first line
options-config-disjoint/dir/dir/info.md:1 MD041/first-line-heading/first-line-h1 First line in a file should be a top-level heading [Context: "## Information"]
options-config-disjoint/dir/dir/info.md:4 MD012/no-multiple-blanks Multiple consecutive blank lines [Expected: 1; Actual: 2]
options-config-disjoint/dir/info.md:1 first-line Rule that reports an error for the first line
options-config-disjoint/dir/info.md:1 MD022/blanks-around-headings/blanks-around-headers Headings should be surrounded by blank lines [Expected: 1; Actual: 0; Below] [Context: "## Information"]
options-config-disjoint/dir/info.md:1 MD041/first-line-heading/first-line-h1 First line in a file should be a top-level heading [Context: "## Information"]
options-config-disjoint/dir/info.md:2:6 MD038/no-space-in-code Spaces inside code span elements [Context: "` code1`"]
options-config-disjoint/dir/info.md:2:20 MD038/no-space-in-code Spaces inside code span elements [Context: "`code2 `"]
options-config-disjoint/dir/info.md:4 MD012/no-multiple-blanks Multiple consecutive blank lines [Expected: 1; Actual: 2]
options-config-disjoint/info.md:1 first-line Rule that reports an error for the first line
options-config-disjoint/info.md:1 MD022/blanks-around-headings/blanks-around-headers Headings should be surrounded by blank lines [Expected: 1; Actual: 0; Below] [Context: "## Information"]
options-config-disjoint/info.md:1 MD041/first-line-heading/first-line-h1 First line in a file should be a top-level heading [Context: "## Information"]
options-config-disjoint/info.md:2:6 MD038/no-space-in-code Spaces inside code span elements [Context: "` code1`"]
options-config-disjoint/info.md:2:20 MD038/no-space-in-code Spaces inside code span elements [Context: "`code2 `"]
options-config-disjoint/info.md:4 MD012/no-multiple-blanks Multiple consecutive blank lines [Expected: 1; Actual: 2]
options-config-overlap-empty/dir/dir/dir/info.md:1 first-line Rule that reports an error for the first line
options-config-overlap-empty/dir/dir/dir/info.md:1 MD041/first-line-heading/first-line-h1 First line in a file should be a top-level heading [Context: "## Information"]
options-config-overlap-empty/dir/dir/dir/info.md:4 MD012/no-multiple-blanks Multiple consecutive blank lines [Expected: 1; Actual: 2]
options-config-overlap-empty/dir/dir/info.md:1 first-line Rule that reports an error for the first line
options-config-overlap-empty/dir/dir/info.md:1 MD041/first-line-heading/first-line-h1 First line in a file should be a top-level heading [Context: "## Information"]
options-config-overlap-empty/dir/dir/info.md:4 MD012/no-multiple-blanks Multiple consecutive blank lines [Expected: 1; Actual: 2]
options-config-overlap/dir/dir/dir/info.md:1 first-line Rule that reports an error for the first line
options-config-overlap/dir/dir/dir/info.md:1 MD041/first-line-heading/first-line-h1 First line in a file should be a top-level heading [Context: "## Information"]
options-config-overlap/dir/dir/dir/info.md:4 MD012/no-multiple-blanks Multiple consecutive blank lines [Expected: 1; Actual: 2]
options-config-overlap/dir/dir/info.md:1 first-line Rule that reports an error for the first line
options-config-overlap/dir/dir/info.md:1 MD041/first-line-heading/first-line-h1 First line in a file should be a top-level heading [Context: "## Information"]
options-config-overlap/dir/dir/info.md:4 MD012/no-multiple-blanks Multiple consecutive blank lines [Expected: 1; Actual: 2]
options-config-overlap/dir/info.md:1 first-line Rule that reports an error for the first line
options-config-overlap/dir/info.md:1 MD022/blanks-around-headings/blanks-around-headers Headings should be surrounded by blank lines [Expected: 1; Actual: 0; Below] [Context: "## Information"]
options-config-overlap/dir/info.md:1 MD041/first-line-heading/first-line-h1 First line in a file should be a top-level heading [Context: "## Information"]
options-config-overlap/dir/info.md:4 MD012/no-multiple-blanks Multiple consecutive blank lines [Expected: 1; Actual: 2]
options-config-overlap/info.md:1 first-line Rule that reports an error for the first line
options-config-overlap/info.md:1 MD022/blanks-around-headings/blanks-around-headers Headings should be surrounded by blank lines [Expected: 1; Actual: 0; Below] [Context: "## Information"]
options-config-overlap/info.md:1 MD041/first-line-heading/first-line-h1 First line in a file should be a top-level heading [Context: "## Information"]
options-config-overlap/info.md:4 MD012/no-multiple-blanks Multiple consecutive blank lines [Expected: 1; Actual: 2]
