Finding: **/*.md
Linting: 24 file(s)
Summary: 80 error(s)
