a/b/c/d/viewme.md:3:10 MD009/no-trailing-spaces Trailing spaces [Expected: 0 or 2; Actual: 1]
a/b/c/d/viewme.md:5 MD012/no-multiple-blanks Multiple consecutive blank lines [Expected: 1; Actual: 2]
a/b/c/d/viewme.md:6 MD025/single-title/single-h1 Multiple top-level headings in the same document [Context: "# Description"]
a/b/c/d/viewme.md:12:1 MD019/no-multiple-space-atx Multiple spaces after hash on atx style heading [Context: "##  Summary"]
a/b/c/d/viewme.md:14:14 MD047/single-trailing-newline Files should end with a single newline character
a/b/viewme.md:3:10 MD009/no-trailing-spaces Trailing spaces [Expected: 0 or 2; Actual: 1]
a/b/viewme.md:5 MD012/no-multiple-blanks Multiple consecutive blank lines [Expected: 1; Actual: 2]
a/b/viewme.md:6 MD025/single-title/single-h1 Multiple top-level headings in the same document [Context: "# Description"]
a/b/viewme.md:12:1 MD019/no-multiple-space-atx Multiple spaces after hash on atx style heading [Context: "##  Summary"]
a/b/viewme.md:14:14 MD047/single-trailing-newline Files should end with a single newline character
viewme.md:3:10 MD009/no-trailing-spaces Trailing spaces [Expected: 0 or 2; Actual: 1]
viewme.md:5 MD012/no-multiple-blanks Multiple consecutive blank lines [Expected: 1; Actual: 2]
viewme.md:6 MD025/single-title/single-h1 Multiple top-level headings in the same document [Context: "# Description"]
viewme.md:12:1 MD019/no-multiple-space-atx Multiple spaces after hash on atx style heading [Context: "##  Summary"]
viewme.md:14:14 MD047/single-trailing-newline Files should end with a single newline character
