Finding: **/*.md
Linting: 2 file(s)
Summary: 8 error(s)
