markdownlint-cli2-jsonc/dir/subdir/info.md:1 MD022/blanks-around-headings/blanks-around-headers Headings should be surrounded by blank lines [Expected: 1; Actual: 0; Below] [Context: "## Information"]
markdownlint-cli2-jsonc/dir/subdir/info.md:2:6 MD038/no-space-in-code Spaces inside code span elements [Context: "` code1`"]
markdownlint-cli2-jsonc/dir/subdir/info.md:2:20 MD038/no-space-in-code Spaces inside code span elements [Context: "`code2 `"]
markdownlint-cli2-jsonc/dir/subdir/info.md:4 MD012/no-multiple-blanks Multiple consecutive blank lines [Expected: 1; Actual: 2]
markdownlint-json/dir/subdir/info.md:1 MD022/blanks-around-headings/blanks-around-headers Headings should be surrounded by blank lines [Expected: 1; Actual: 0; Below] [Context: "## Information"]
markdownlint-json/dir/subdir/info.md:2:6 MD038/no-space-in-code Spaces inside code span elements [Context: "` code1`"]
markdownlint-json/dir/subdir/info.md:2:20 MD038/no-space-in-code Spaces inside code span elements [Context: "`code2 `"]
markdownlint-json/dir/subdir/info.md:4 MD012/no-multiple-blanks Multiple consecutive blank lines [Expected: 1; Actual: 2]
