markdownlint-cli2 vX.Y.Z (markdownlint vX.Y.Z)
Finding: ** !dir
Linting: 1 file(s)
Summary: 5 error(s)
