dir/subdir/info.md:1 MD022/blanks-around-headings/blanks-around-headers Headings should be surrounded by blank lines [Expected: 1; Actual: 0; Below] [Context: "## Information"]
dir/subdir/info.md:1 MD041/first-line-heading/first-line-h1 First line in file should be a top level heading [Context: "## Information"]
dir/subdir/info.md:2:6 MD038/no-space-in-code Spaces inside code span elements [Context: "` code1`"]
dir/subdir/info.md:2:20 MD038/no-space-in-code Spaces inside code span elements [Context: "`code2 `"]
dir/subdir/info.md:4 MD012/no-multiple-blanks Multiple consecutive blank lines [Expected: 1; Actual: 2]
viewme.md:3:10 MD009/no-trailing-spaces Trailing spaces [Expected: 0 or 2; Actual: 1]
viewme.md:5 MD012/no-multiple-blanks Multiple consecutive blank lines [Expected: 1; Actual: 2]
viewme.md:6 MD025/single-title/single-h1 Multiple top level headings in the same document [Context: "# Description"]
viewme.md:12:1 MD019/no-multiple-space-atx Multiple spaces after hash on atx style heading [Context: "##  Summary"]
viewme.md:14:14 MD047/single-trailing-newline Files should end with a single newline character
