markdownlint-cli2 vX.Y.Z (markdownlint vX.Y.Z)
Finding: ** !dir dir/subdir
Linting: 2 file(s)
Summary: 10 error(s)
