dir/about.md:1:1 MD021/no-multiple-space-closed-atx Multiple spaces inside hashes on closed atx style heading [Context: "#  About  #"]
dir/about.md:7:1 MD029/ol-prefix Ordered list item prefix [Expected: 2; Actual: 3; Style: 1/2/3]
dir/subdir/info.md:1 MD022/blanks-around-headings/blanks-around-headers Headings should be surrounded by blank lines [Expected: 1; Actual: 0; Below] [Context: "## Information"]
dir/subdir/info.md:2:6 MD038/no-space-in-code Spaces inside code span elements [Context: "` code1`"]
dir/subdir/info.md:2:20 MD038/no-space-in-code Spaces inside code span elements [Context: "`code2 `"]
dir/subdir2/info.md:1 MD022/blanks-around-headings/blanks-around-headers Headings should be surrounded by blank lines [Expected: 1; Actual: 0; Below] [Context: "## Information"]
viewme.md:3:10 MD009/no-trailing-spaces Trailing spaces [Expected: 0 or 2; Actual: 1]
viewme.md:6 MD025/single-title/single-h1 Multiple top-level headings in the same document [Context: "# Description"]
viewme.md:12:1 MD019/no-multiple-space-atx Multiple spaces after hash on atx style heading [Context: "##  Summary"]
viewme.md:16:14 MD047/single-trailing-newline Files should end with a single newline character
