Finding: **/*.md
Linting: 4 file(s)
Summary: 10 error(s)
