markdownlint-cli2 vX.Y.Z (markdownlint vX.Y.Z)
Finding: **/*.md
Linting: 0 file(s)
Summary: 0 error(s)
