markdownlint-cli2 vX.Y.Z (markdownlint vX.Y.Z)
Finding: .*
Linting: 1 file(s)
Summary: 1 error(s)
