Finding: ../no-config/**/*.md
Linting: 3 file(s)
Summary: 9 error(s)
